Initial Win CP for (console input, console output, system): (CP936, CP936, CP936)
I changed them all to CP936
Rc files read:
  NONE
Latexmk: Run number 1 of rule 'pdflatex'
This is pdfTeX, Version 3.141592653-2.6-1.40.26 (TeX Live 2024) (preloaded format=pdflatex)
 restricted \write18 enabled.
entering extended mode
Latexmk: Getting log file 'main.log'
Latexmk: Missing bbl file 'main.bbl' in following:
 No file main.bbl.
Latexmk: Run number 1 of rule 'bibtex main'
Latexmk: Run number 2 of rule 'pdflatex'
This is pdfTeX, Version 3.141592653-2.6-1.40.26 (TeX Live 2024) (preloaded format=pdflatex)
 restricted \write18 enabled.
entering extended mode
Latexmk: Getting log file 'main.log'
Latexmk: Run number 2 of rule 'bibtex main'
Latexmk: Run number 3 of rule 'pdflatex'
This is pdfTeX, Version 3.141592653-2.6-1.40.26 (TeX Live 2024) (preloaded format=pdflatex)
 restricted \write18 enabled.
entering extended mode
Latexmk: Getting log file 'main.log'

